2026-04-05 12:57:16,054 - ahcqsam - INFO - quant encoder
2026-04-05 12:57:16,054 - ahcqsam - INFO - True
2026-04-05 12:57:16,054 - ahcqsam - INFO - cag
2026-04-05 12:57:16,054 - ahcqsam - INFO - True
2026-04-05 12:57:16,054 - ahcqsam - INFO - acnr
2026-04-05 12:57:16,054 - ahcqsam - INFO - True
2026-04-05 12:57:16,054 - ahcqsam - INFO - hluq
2026-04-05 12:57:16,054 - ahcqsam - INFO - True
2026-04-05 12:57:16,054 - ahcqsam - INFO - do sign
2026-04-05 12:57:16,054 - ahcqsam - INFO - True
2026-04-05 12:57:16,054 - ahcqsam - INFO - lnq
2026-04-05 12:57:16,054 - ahcqsam - INFO - True
2026-04-05 12:57:16,054 - ahcqsam - INFO - do log_quant
2026-04-05 12:57:16,054 - ahcqsam - INFO - True
2026-04-05 12:57:19,435 - ahcqsam - INFO - start to detect dimodal distribution
2026-04-05 12:57:19,437 - ahcqsam - INFO - predictor.model.mask_decoder.transformer.layers.0.cross_attn_token_to_image
2026-04-05 12:57:19,437 - ahcqsam - INFO - True
2026-04-05 12:57:19,437 - ahcqsam - INFO - predictor.model.mask_decoder.transformer.layers.1.cross_attn_token_to_image
2026-04-05 12:57:19,438 - ahcqsam - INFO - True
2026-04-05 12:57:19,438 - ahcqsam - INFO - predictor.model.mask_decoder.transformer.final_attn_token_to_image
2026-04-05 12:57:19,438 - ahcqsam - INFO - True
2026-04-05 12:57:19,438 - ahcqsam - INFO - bimodal integration end
2026-04-05 13:27:48,666 - ahcqsam - INFO - the calibration time is 1831.9902884960175
2026-04-05 13:27:48,670 - ahcqsam - INFO - begin condiBasedAct reconstruction for module [predictor.model.image_encoder.blocks.0.attn.qkv]:

2026-04-05 13:27:51,719 - ahcqsam - INFO - Before Optimization                         Weight's Max: 17.80550193786621, Min: 0.060107745230197906, Condi Number: 296.2264099121094
2026-04-05 13:27:51,719 - ahcqsam - WARNING - Use Single Sample Per-Time
2026-04-05 13:27:51,719 - ahcqsam - INFO - Use Gradient Accumulation: Batch Size = 32.
2026-04-05 13:27:53,099 - ahcqsam - INFO - PGD Iteration [10/200] Avg Loss (Eff. BS=32): 0.0000
2026-04-05 13:27:54,482 - ahcqsam - INFO - PGD Iteration [20/200] Avg Loss (Eff. BS=32): 0.0000
2026-04-05 13:27:55,860 - ahcqsam - INFO - PGD Iteration [30/200] Avg Loss (Eff. BS=32): 0.0000
2026-04-05 13:27:57,241 - ahcqsam - INFO - PGD Iteration [40/200] Avg Loss (Eff. BS=32): 0.0000
2026-04-05 13:27:58,629 - ahcqsam - INFO - PGD Iteration [50/200] Avg Loss (Eff. BS=32): 0.0000
2026-04-05 13:28:00,018 - ahcqsam - INFO - PGD Iteration [60/200] Avg Loss (Eff. BS=32): 0.0000
2026-04-05 13:28:01,421 - ahcqsam - INFO - PGD Iteration [70/200] Avg Loss (Eff. BS=32): 0.0000
2026-04-05 13:28:02,826 - ahcqsam - INFO - PGD Iteration [80/200] Avg Loss (Eff. BS=32): 0.0000
2026-04-05 13:28:04,245 - ahcqsam - INFO - PGD Iteration [90/200] Avg Loss (Eff. BS=32): 0.0000
2026-04-05 13:28:05,664 - ahcqsam - INFO - PGD Iteration [100/200] Avg Loss (Eff. BS=32): 0.0000
2026-04-05 13:28:07,082 - ahcqsam - INFO - PGD Iteration [110/200] Avg Loss (Eff. BS=32): 0.0000
2026-04-05 13:28:08,509 - ahcqsam - INFO - PGD Iteration [120/200] Avg Loss (Eff. BS=32): 0.0000
2026-04-05 13:28:09,941 - ahcqsam - INFO - PGD Iteration [130/200] Avg Loss (Eff. BS=32): 0.0000
2026-04-05 13:28:11,375 - ahcqsam - INFO - PGD Iteration [140/200] Avg Loss (Eff. BS=32): 0.0000
2026-04-05 13:28:12,816 - ahcqsam - INFO - PGD Iteration [150/200] Avg Loss (Eff. BS=32): 0.0000
2026-04-05 13:28:14,261 - ahcqsam - INFO - PGD Iteration [160/200] Avg Loss (Eff. BS=32): 0.0000
2026-04-05 13:28:15,710 - ahcqsam - INFO - PGD Iteration [170/200] Avg Loss (Eff. BS=32): 0.0000
2026-04-05 13:28:17,159 - ahcqsam - INFO - PGD Iteration [180/200] Avg Loss (Eff. BS=32): 0.0000
2026-04-05 13:28:18,618 - ahcqsam - INFO - PGD Iteration [190/200] Avg Loss (Eff. BS=32): 0.0000
2026-04-05 13:28:20,074 - ahcqsam - INFO - PGD Iteration [200/200] Avg Loss (Eff. BS=32): 0.0000
2026-04-05 13:28:20,130 - ahcqsam - INFO - after optimization                         weight's max: 18.322612762451172, min: 1.2458956241607666, condi number: 14.706378936767578
2026-04-05 13:28:20,156 - ahcqsam - INFO - begin condiBasedAct reconstruction for module [predictor.model.image_encoder.blocks.0.attn.proj]:

2026-04-05 13:28:22,588 - ahcqsam - INFO - Before Optimization                         Weight's Max: 12.740510940551758, Min: 3.1340765417553484e-05, Condi Number: 406515.625
2026-04-05 13:28:22,588 - ahcqsam - WARNING - Use Single Sample Per-Time
2026-04-05 13:28:22,588 - ahcqsam - INFO - Use Gradient Accumulation: Batch Size = 32.
2026-04-05 13:28:23,901 - ahcqsam - INFO - PGD Iteration [10/200] Avg Loss (Eff. BS=32): 0.0000
2026-04-05 13:28:25,219 - ahcqsam - INFO - PGD Iteration [20/200] Avg Loss (Eff. BS=32): 0.0000
2026-04-05 13:28:26,549 - ahcqsam - INFO - PGD Iteration [30/200] Avg Loss (Eff. BS=32): 0.0000
2026-04-05 13:28:27,884 - ahcqsam - INFO - PGD Iteration [40/200] Avg Loss (Eff. BS=32): 0.0000
2026-04-05 13:28:29,231 - ahcqsam - INFO - PGD Iteration [50/200] Avg Loss (Eff. BS=32): 0.0000
