2026-04-05 13:28:59,520 - ahcqsam - INFO - quant encoder
2026-04-05 13:28:59,520 - ahcqsam - INFO - True
2026-04-05 13:28:59,521 - ahcqsam - INFO - cag
2026-04-05 13:28:59,521 - ahcqsam - INFO - False
2026-04-05 13:28:59,521 - ahcqsam - INFO - acnr
2026-04-05 13:28:59,521 - ahcqsam - INFO - True
2026-04-05 13:28:59,521 - ahcqsam - INFO - hluq
2026-04-05 13:28:59,521 - ahcqsam - INFO - True
2026-04-05 13:28:59,521 - ahcqsam - INFO - do sign
2026-04-05 13:28:59,521 - ahcqsam - INFO - True
2026-04-05 13:28:59,521 - ahcqsam - INFO - lnq
2026-04-05 13:28:59,521 - ahcqsam - INFO - True
2026-04-05 13:28:59,521 - ahcqsam - INFO - do log_quant
2026-04-05 13:28:59,521 - ahcqsam - INFO - True
2026-04-05 13:29:02,927 - ahcqsam - INFO - start to detect dimodal distribution
2026-04-05 13:29:02,929 - ahcqsam - INFO - predictor.model.mask_decoder.transformer.layers.0.cross_attn_token_to_image
2026-04-05 13:29:02,929 - ahcqsam - INFO - True
2026-04-05 13:29:02,929 - ahcqsam - INFO - predictor.model.mask_decoder.transformer.layers.1.cross_attn_token_to_image
2026-04-05 13:29:02,929 - ahcqsam - INFO - True
2026-04-05 13:29:02,929 - ahcqsam - INFO - predictor.model.mask_decoder.transformer.final_attn_token_to_image
2026-04-05 13:29:02,930 - ahcqsam - INFO - True
2026-04-05 13:29:02,930 - ahcqsam - INFO - bimodal integration end
