2026-04-05 13:32:18,283 - ahcqsam - INFO - quant encoder
2026-04-05 13:32:18,283 - ahcqsam - INFO - False
2026-04-05 13:32:18,283 - ahcqsam - INFO - acnr
2026-04-05 13:32:18,283 - ahcqsam - INFO - False
2026-04-05 13:32:18,283 - ahcqsam - INFO - cag
2026-04-05 13:32:18,283 - ahcqsam - INFO - True
2026-04-05 13:32:18,283 - ahcqsam - INFO - hluq
2026-04-05 13:32:18,283 - ahcqsam - INFO - True
2026-04-05 13:32:18,283 - ahcqsam - INFO - lnq
2026-04-05 13:32:18,283 - ahcqsam - INFO - True
2026-04-05 13:32:18,284 - ahcqsam - INFO - do sign
2026-04-05 13:32:18,284 - ahcqsam - INFO - True
2026-04-05 13:32:18,284 - ahcqsam - INFO - do log_quant
2026-04-05 13:32:18,284 - ahcqsam - INFO - True
2026-04-05 13:32:21,238 - ahcqsam - INFO - start to detect dimodal distribution
2026-04-05 13:32:21,239 - ahcqsam - INFO - predictor.model.mask_decoder.transformer.layers.0.cross_attn_token_to_image
2026-04-05 13:32:21,239 - ahcqsam - INFO - True
2026-04-05 13:32:21,239 - ahcqsam - INFO - predictor.model.mask_decoder.transformer.layers.1.cross_attn_token_to_image
2026-04-05 13:32:21,239 - ahcqsam - INFO - True
2026-04-05 13:32:21,239 - ahcqsam - INFO - predictor.model.mask_decoder.transformer.final_attn_token_to_image
2026-04-05 13:32:21,239 - ahcqsam - INFO - True
2026-04-05 13:32:21,239 - ahcqsam - INFO - bimodal integration end
2026-04-05 13:42:26,084 - ahcqsam - INFO - the calibration time is 607.6286714076996
2026-04-05 13:42:26,084 - ahcqsam - INFO - begin to do reconstruction
2026-04-05 13:42:26,088 - ahcqsam - INFO - begin reconstruction for module [predictor.model.mask_decoder.transformer.layers.0]:
QuantDecoderOurTwoWayAttentionBlock(
  (self_attn): QuantDecoderOurAttentionBlock(
    (q_proj): PreQuantizedLayer(
      (module): QLinear(
        in_features=256, out_features=256, bias=True
        (weight_fake_quant): AdaRoundFakeQuantize(
          fake_quant_enabled=1, observer_enabled=0, symmetric=False, bit=4, ch_axis=0, quant_min=0, quant_max=15
          (observer): MSEObserver()
        )
      )
      (layer_pre_act_fake_quantize): GroupLSQFakeQuantize(
        fake_quant_enabled=1, observer_enabled=0, symmetric=False, bit=4, ch_axis=2, quant_min=0, quant_max=15
        (observer): AvgMinMaxGroupObserver()
      )
    )
    (k_proj): PreQuantizedLayer(
      (module): QLinear(
        in_features=256, out_features=256, bias=True
        (weight_fake_quant): AdaRoundFakeQuantize(
          fake_quant_enabled=1, observer_enabled=0, symmetric=False, bit=4, ch_axis=0, quant_min=0, quant_max=15
          (observer): MSEObserver()
        )
      )
      (layer_pre_act_fake_quantize): GroupLSQFakeQuantize(
        fake_quant_enabled=1, observer_enabled=0, symmetric=False, bit=4, ch_axis=2, quant_min=0, quant_max=15
        (observer): AvgMinMaxGroupObserver()
      )
    )
    (v_proj): PreQuantizedLayer(
      (module): QLinear(
        in_features=256, out_features=256, bias=True
        (weight_fake_quant): AdaRoundFakeQuantize(
          fake_quant_enabled=1, observer_enabled=0, symmetric=False, bit=4, ch_axis=0, quant_min=0, quant_max=15
          (observer): MSEObserver()
        )
      )
      (layer_pre_act_fake_quantize): GroupLSQFakeQuantize(
        fake_quant_enabled=1, observer_enabled=0, symmetric=False, bit=4, ch_axis=2, quant_min=0, quant_max=15
        (observer): AvgMinMaxGroupObserver()
      )
    )
    (out_proj): PreQuantizedLayer(
      (module): QLinear(
        in_features=256, out_features=256, bias=True
        (weight_fake_quant): AdaRoundFakeQuantize(
          fake_quant_enabled=1, observer_enabled=0, symmetric=False, bit=4, ch_axis=0, quant_min=0, quant_max=15
          (observer): MSEObserver()
        )
      )
      (layer_pre_act_fake_quantize): LSQFakeQuantize(
        fake_quant_enabled=1, observer_enabled=0, symmetric=False, bit=4, ch_axis=-1, quant_min=0, quant_max=15
        (observer): AvgMinMaxObserver()
      )
    )
    (softmax_post_act_fake_quantize): LogTransformQuantize(
      fake_quant_enabled=1, observer_enabled=0, symmetric=False, bit=4, ch_axis=-1, quant_min=0, quant_max=15
      (observer): LogTransformObserver()
    )
    (q_post_act_fake_quantize): LSQFakeQuantize(
      fake_quant_enabled=1, observer_enabled=0, symmetric=False, bit=4, ch_axis=-1, quant_min=0, quant_max=15
      (observer): AvgMinMaxObserver()
    )
    (k_post_act_fake_quantize): LSQSignFakeQuantize(
      fake_quant_enabled=1, observer_enabled=0, symmetric=False, bit=4, ch_axis=-1, quant_min=0, quant_max=15
      (observer): SignAvgMSEFastObserver()
    )
    (v_post_act_fake_quantize): LSQFakeQuantize(
      fake_quant_enabled=1, observer_enabled=0, symmetric=False, bit=4, ch_axis=-1, quant_min=0, quant_max=15
      (observer): AvgMinMaxObserver()
    )
  )
  (norm1): LayerNorm((256,), eps=1e-05, elementwise_affine=True)
  (cross_attn_token_to_image): QuantDecoderOurAttentionBlock(
    (q_proj): PreQuantizedLayer(
      (module): QLinear(
        in_features=256, out_features=128, bias=True
        (weight_fake_quant): AdaRoundFakeQuantize(
          fake_quant_enabled=1, observer_enabled=0, symmetric=False, bit=4, ch_axis=0, quant_min=0, quant_max=15
          (observer): MSEObserver()
        )
      )
      (layer_pre_act_fake_quantize): GroupLSQFakeQuantize(
        fake_quant_enabled=1, observer_enabled=0, symmetric=False, bit=4, ch_axis=2, quant_min=0, quant_max=15
        (observer): AvgMinMaxGroupObserver()
      )
    )
    (k_proj): PreQuantizedLayer(
      (module): QLinear(
        in_features=256, out_features=128, bias=True
        (weight_fake_quant): AdaRoundFakeQuantize(
          fake_quant_enabled=1, observer_enabled=0, symmetric=False, bit=4, ch_axis=0, quant_min=0, quant_max=15
          (observer): MSEObserver()
        )
      )
      (layer_pre_act_fake_quantize): GroupLSQFakeQuantize(
        fake_quant_enabled=1, observer_enabled=0, symmetric=False, bit=4, ch_axis=2, quant_min=0, quant_max=15
        (observer): AvgMinMaxGroupObserver()
      )
    )
    (v_proj): PreQuantizedLayer(
      (module): QLinear(
        in_features=256, out_features=128, bias=True
        (weight_fake_quant): AdaRoundFakeQuantize(
          fake_quant_enabled=1, observer_enabled=0, symmetric=False, bit=4, ch_axis=0, quant_min=0, quant_max=15
          (observer): MSEObserver()
        )
      )
      (layer_pre_act_fake_quantize): GroupLSQFakeQuantize(
        fake_quant_enabled=1, observer_enabled=0, symmetric=False, bit=4, ch_axis=2, quant_min=0, quant_max=15
        (observer): AvgMinMaxGroupObserver()
      )
    )
    (out_proj): PreQuantizedLayer(
      (module): QLinear(
        in_features=128, out_features=256, bias=True
        (weight_fake_quant): AdaRoundFakeQuantize(
          fake_quant_enabled=1, observer_enabled=0, symmetric=False, bit=4, ch_axis=0, quant_min=0, quant_max=15
          (observer): MSEObserver()
        )
      )
      (layer_pre_act_fake_quantize): LSQFakeQuantize(
        fake_quant_enabled=1, observer_enabled=0, symmetric=False, bit=4, ch_axis=-1, quant_min=0, quant_max=15
        (observer): AvgMinMaxObserver()
      )
    )
    (softmax_post_act_fake_quantize): LogTransformQuantize(
      fake_quant_enabled=1, observer_enabled=0, symmetric=False, bit=4, ch_axis=-1, quant_min=0, quant_max=15
      (observer): LogTransformObserver()
    )
    (q_post_act_fake_quantize): LSQFakeQuantize(
      fake_quant_enabled=1, observer_enabled=0, symmetric=False, bit=4, ch_axis=-1, quant_min=0, quant_max=15
      (observer): AvgMinMaxObserver()
    )
    (k_post_act_fake_quantize): LSQSignFakeQuantize(
      fake_quant_enabled=1, observer_enabled=0, symmetric=False, bit=4, ch_axis=-1, quant_min=0, quant_max=15
      (observer): SignAvgMSEFastObserver()
    )
    (v_post_act_fake_quantize): LSQFakeQuantize(
      fake_quant_enabled=1, observer_enabled=0, symmetric=False, bit=4, ch_axis=-1, quant_min=0, quant_max=15
      (observer): AvgMinMaxObserver()
    )
  )
  (norm2): LayerNorm((256,), eps=1e-05, elementwise_affine=True)
  (mlp): QuantDecoderMLPBlock(
    (lin1): PreQuantizedLayer(
      (module): QLinear(
        in_features=256, out_features=2048, bias=True
        (weight_fake_quant): AdaRoundFakeQuantize(
          fake_quant_enabled=1, observer_enabled=0, symmetric=False, bit=4, ch_axis=0, quant_min=0, quant_max=15
          (observer): MSEObserver()
        )
      )
      (layer_pre_act_fake_quantize): GroupLSQFakeQuantize(
        fake_quant_enabled=1, observer_enabled=0, symmetric=False, bit=4, ch_axis=2, quant_min=0, quant_max=15
        (observer): AvgMinMaxGroupObserver()
      )
    )
    (lin2): PreQuantizedLayer(
      (module): QLinear(
        in_features=2048, out_features=256, bias=True
        (weight_fake_quant): AdaRoundFakeQuantize(
          fake_quant_enabled=1, observer_enabled=0, symmetric=False, bit=4, ch_axis=0, quant_min=0, quant_max=15
          (observer): MSEObserver()
        )
      )
      (layer_pre_act_fake_quantize): HybridQuantize(
        fake_quant_enabled=1, observer_enabled=0, symmetric=False, bit=4, ch_axis=-1, quant_min=0, quant_max=15
        (observer): HybridParamObserver()
      )
    )
    (act): ReLU()
  )
  (norm3): LayerNorm((256,), eps=1e-05, elementwise_affine=True)
  (norm4): LayerNorm((256,), eps=1e-05, elementwise_affine=True)
  (cross_attn_image_to_token): QuantDecoderOurAttentionBlock(
    (q_proj): PreQuantizedLayer(
      (module): QLinear(
        in_features=256, out_features=128, bias=True
        (weight_fake_quant): AdaRoundFakeQuantize(
          fake_quant_enabled=1, observer_enabled=0, symmetric=False, bit=4, ch_axis=0, quant_min=0, quant_max=15
          (observer): MSEObserver()
        )
      )
      (layer_pre_act_fake_quantize): GroupLSQFakeQuantize(
        fake_quant_enabled=1, observer_enabled=0, symmetric=False, bit=4, ch_axis=2, quant_min=0, quant_max=15
        (observer): AvgMinMaxGroupObserver()
      )
    )
    (k_proj): PreQuantizedLayer(
      (module): QLinear(
        in_features=256, out_features=128, bias=True
        (weight_fake_quant): AdaRoundFakeQuantize(
          fake_quant_enabled=1, observer_enabled=0, symmetric=False, bit=4, ch_axis=0, quant_min=0, quant_max=15
          (observer): MSEObserver()
        )
      )
      (layer_pre_act_fake_quantize): GroupLSQFakeQuantize(
        fake_quant_enabled=1, observer_enabled=0, symmetric=False, bit=4, ch_axis=2, quant_min=0, quant_max=15
        (observer): AvgMinMaxGroupObserver()
      )
    )
    (v_proj): PreQuantizedLayer(
      (module): QLinear(
        in_features=256, out_features=128, bias=True
        (weight_fake_quant): AdaRoundFakeQuantize(
          fake_quant_enabled=1, observer_enabled=0, symmetric=False, bit=4, ch_axis=0, quant_min=0, quant_max=15
          (observer): MSEObserver()
        )
      )
      (layer_pre_act_fake_quantize): GroupLSQFakeQuantize(
        fake_quant_enabled=1, observer_enabled=0, symmetric=False, bit=4, ch_axis=2, quant_min=0, quant_max=15
        (observer): AvgMinMaxGroupObserver()
      )
    )
    (out_proj): PreQuantizedLayer(
      (module): QLinear(
        in_features=128, out_features=256, bias=True
        (weight_fake_quant): AdaRoundFakeQuantize(
          fake_quant_enabled=1, observer_enabled=0, symmetric=False, bit=4, ch_axis=0, quant_min=0, quant_max=15
          (observer): MSEObserver()
        )
      )
      (layer_pre_act_fake_quantize): LSQFakeQuantize(
        fake_quant_enabled=1, observer_enabled=0, symmetric=False, bit=4, ch_axis=-1, quant_min=0, quant_max=15
        (observer): AvgMinMaxObserver()
      )
    )
    (softmax_post_act_fake_quantize): LogTransformQuantize(
      fake_quant_enabled=1, observer_enabled=0, symmetric=False, bit=4, ch_axis=-1, quant_min=0, quant_max=15
      (observer): LogTransformObserver()
    )
    (q_post_act_fake_quantize): LSQFakeQuantize(
      fake_quant_enabled=1, observer_enabled=0, symmetric=False, bit=4, ch_axis=-1, quant_min=0, quant_max=15
      (observer): AvgMinMaxObserver()
    )
    (k_post_act_fake_quantize): LSQSignFakeQuantize(
      fake_quant_enabled=1, observer_enabled=0, symmetric=False, bit=4, ch_axis=-1, quant_min=0, quant_max=15
      (observer): SignAvgMSEFastObserver()
    )
    (v_post_act_fake_quantize): LSQFakeQuantize(
      fake_quant_enabled=1, observer_enabled=0, symmetric=False, bit=4, ch_axis=-1, quant_min=0, quant_max=15
      (observer): AvgMinMaxObserver()
    )
  )
)
2026-04-05 13:42:46,196 - ahcqsam - INFO - cross_attn_image_to_token.v_post_act_fake_quantize.observer
2026-04-05 13:42:46,196 - ahcqsam - INFO - <class 'ahcqsam.model.quant_model.QuantDecoderOurTwoWayAttentionBlock'>
2026-04-05 13:42:46,196 - ahcqsam - INFO - 24
2026-04-05 13:42:46,197 - ahcqsam - INFO - in_cpu 32
2026-04-05 13:43:20,010 - ahcqsam - INFO - Total loss:	202.1845 (rec:202.1845, round:0.0000, rw:0.0000)	b=20.00	count=500
2026-04-05 13:43:53,784 - ahcqsam - INFO - Total loss:	128.5000 (rec:128.5000, round:0.0000, rw:0.0000)	b=20.00	count=1000
